[2025-11-06 22:29:56] Starting training on rware-tiny-2ag-v2 with seed 42...
[2025-11-06 22:29:56] Using device: cuda
[2025-11-06 22:29:56] ============================================================
[2025-11-06 22:29:56] MASAC Training with Parallel Environments (Manual Vector Fix V37)
[2025-11-06 22:29:56]   Environment ID: rware-tiny-2ag-v2
[2025-11-06 22:29:56]   Starting at Episode: 0
[2025-11-06 22:29:56]   Target Total Episodes: 50
[2025-11-06 22:29:56]   Max steps: 200
[2025-11-06 22:29:56]   Vectorized Envs: 8 (Manual List)
[2025-11-06 22:29:56]   Load Checkpoint: None
[2025-11-06 22:29:56] ==================================================================
[2025-11-06 22:29:56] 💡 Environment Specs: Agents=2, Obs Dim=71, Act Dim=5, State Dim=142
[2025-11-06 22:29:56] Initializing 8 manual environments in a Python list...
[2025-11-06 22:29:56] ✅ Manual environments initialized and reset.
Training MASAC on rware-tiny-2ag-v2:   0%|          | 0/50 [00:00<?, ?it/s]/home/gcsc563_08/.conda/envs/masac_rware/lib/python3.8/site-packages/gymnasium/utils/passive_env_checker.py:245: UserWarning: [33mWARN: The reward returned by `step()` must be a float, int, np.integer or np.floating, actual type: <class 'list'>[0m
  logger.warn(
[2025-11-06 22:29:58] [1/50] Env 0: Reward = 0.00, Alpha = 1.0000, ETA: 0:00:42
Training MASAC on rware-tiny-2ag-v2:   2%|▏         | 1/50 [00:00<00:42,  1.15it/s][2025-11-06 22:29:58] [2/50] Env 1: Reward = 0.00, Alpha = 1.0000, ETA: 0:00:20
[2025-11-06 22:29:58] [3/50] Env 2: Reward = 0.00, Alpha = 1.0000, ETA: 0:00:13
[2025-11-06 22:29:58] [4/50] Env 3: Reward = 0.00, Alpha = 1.0000, ETA: 0:00:10
[2025-11-06 22:29:58] [5/50] Env 4: Reward = 0.00, Alpha = 1.0000, ETA: 0:00:07
[2025-11-06 22:29:58] [6/50] Env 5: Reward = 0.00, Alpha = 1.0000, ETA: 0:00:06
[2025-11-06 22:29:58] [7/50] Env 6: Reward = 0.00, Alpha = 1.0000, ETA: 0:00:05
[2025-11-06 22:29:58] [8/50] Env 7: Reward = 0.00, Alpha = 1.0000, ETA: 0:00:04
[2025-11-06 22:29:59] [9/50] Env 0: Reward = 0.00, Alpha = 1.0000, ETA: 0:00:07
Training MASAC on rware-tiny-2ag-v2:  18%|█▊        | 9/50 [00:01<00:06,  6.30it/s][2025-11-06 22:29:59] [10/50] Env 1: Reward = 0.00, Alpha = 1.0000, ETA: 0:00:06
[2025-11-06 22:29:59] [11/50] Env 2: Reward = 0.00, Alpha = 1.0000, ETA: 0:00:05
[2025-11-06 22:29:59] [12/50] Env 3: Reward = 0.00, Alpha = 1.0000, ETA: 0:00:05
[2025-11-06 22:29:59] [13/50] Env 4: Reward = 0.00, Alpha = 1.0000, ETA: 0:00:04
[2025-11-06 22:29:59] [14/50] Env 5: Reward = 0.00, Alpha = 1.0000, ETA: 0:00:04
[2025-11-06 22:29:59] [15/50] Env 6: Reward = 0.00, Alpha = 1.0000, ETA: 0:00:03
[2025-11-06 22:29:59] [16/50] Env 7: Reward = 0.00, Alpha = 1.0000, ETA: 0:00:03
[2025-11-06 22:29:59] [17/50] Env 0: Reward = 0.00, Alpha = 1.0000, ETA: 0:00:04
Training MASAC on rware-tiny-2ag-v2:  34%|███▍      | 17/50 [00:02<00:04,  8.13it/s][2025-11-06 22:29:59] [18/50] Env 1: Reward = 0.00, Alpha = 1.0000, ETA: 0:00:04
[2025-11-06 22:29:59] [19/50] Env 2: Reward = 0.00, Alpha = 1.0000, ETA: 0:00:03
[2025-11-06 22:29:59] [20/50] Env 3: Reward = 0.00, Alpha = 1.0000, ETA: 0:00:03
[2025-11-06 22:29:59] [21/50] Env 4: Reward = 0.00, Alpha = 1.0000, ETA: 0:00:03
[2025-11-06 22:29:59] [22/50] Env 5: Reward = 0.00, Alpha = 1.0000, ETA: 0:00:03
[2025-11-06 22:29:59] [23/50] Env 6: Reward = 0.00, Alpha = 1.0000, ETA: 0:00:02
[2025-11-06 22:29:59] [24/50] Env 7: Reward = 0.00, Alpha = 1.0000, ETA: 0:00:02
[2025-11-06 22:30:14] [25/50] Env 0: Reward = 0.00, Alpha = 0.9162, ETA: 0:00:17
Training MASAC on rware-tiny-2ag-v2:  50%|█████     | 25/50 [00:17<00:22,  1.12it/s][2025-11-06 22:30:14] [26/50] Env 1: Reward = 0.00, Alpha = 0.9162, ETA: 0:00:15
[2025-11-06 22:30:14] [27/50] Env 2: Reward = 0.00, Alpha = 0.9162, ETA: 0:00:14
[2025-11-06 22:30:14] [28/50] Env 3: Reward = 0.00, Alpha = 0.9162, ETA: 0:00:13
[2025-11-06 22:30:14] [29/50] Env 4: Reward = 0.00, Alpha = 0.9162, ETA: 0:00:12
[2025-11-06 22:30:14] [30/50] Env 5: Reward = 0.00, Alpha = 0.9162, ETA: 0:00:11
[2025-11-06 22:30:14] [31/50] Env 6: Reward = 0.00, Alpha = 0.9162, ETA: 0:00:10
[2025-11-06 22:30:14] [32/50] Env 7: Reward = 0.00, Alpha = 0.9162, ETA: 0:00:09
[2025-11-06 22:30:31] [33/50] Env 0: Reward = 0.00, Alpha = 0.8290, ETA: 0:00:17
Training MASAC on rware-tiny-2ag-v2:  66%|██████▌   | 33/50 [00:33<00:22,  1.35s/it][2025-11-06 22:30:31] [34/50] Env 1: Reward = 0.00, Alpha = 0.8290, ETA: 0:00:15
[2025-11-06 22:30:31] [35/50] Env 2: Reward = 0.00, Alpha = 0.8290, ETA: 0:00:14
[2025-11-06 22:30:31] [36/50] Env 3: Reward = 0.00, Alpha = 0.8290, ETA: 0:00:13
[2025-11-06 22:30:31] [37/50] Env 4: Reward = 0.00, Alpha = 0.8290, ETA: 0:00:11
[2025-11-06 22:30:31] [38/50] Env 5: Reward = 0.00, Alpha = 0.8290, ETA: 0:00:10
[2025-11-06 22:30:31] [39/50] Env 6: Reward = 0.00, Alpha = 0.8290, ETA: 0:00:09
[2025-11-06 22:30:31] [40/50] Env 7: Reward = 0.00, Alpha = 0.8290, ETA: 0:00:08
[2025-11-06 22:30:47] [41/50] Env 0: Reward = 0.00, Alpha = 0.7501, ETA: 0:00:11
Training MASAC on rware-tiny-2ag-v2:  82%|████████▏ | 41/50 [00:50<00:14,  1.61s/it][2025-11-06 22:30:47] [42/50] Env 1: Reward = 0.00, Alpha = 0.7501, ETA: 0:00:09
[2025-11-06 22:30:47] [43/50] Env 2: Reward = 0.00, Alpha = 0.7501, ETA: 0:00:08
[2025-11-06 22:30:47] [44/50] Env 3: Reward = 0.00, Alpha = 0.7501, ETA: 0:00:06
[2025-11-06 22:30:47] [45/50] Env 4: Reward = 0.00, Alpha = 0.7501, ETA: 0:00:05
[2025-11-06 22:30:47] [46/50] Env 5: Reward = 0.00, Alpha = 0.7501, ETA: 0:00:04
[2025-11-06 22:30:47] [47/50] Env 6: Reward = 0.00, Alpha = 0.7501, ETA: 0:00:03
[2025-11-06 22:30:47] [48/50] Env 7: Reward = 0.00, Alpha = 0.7501, ETA: 0:00:02
[2025-11-06 22:31:04] [49/50] Env 0: Reward = 0.00, Alpha = 0.6788, ETA: 0:00:01
Training MASAC on rware-tiny-2ag-v2:  98%|█████████▊| 49/50 [01:06<00:01,  1.76s/it][2025-11-06 22:31:04] [50/50] Env 1: Reward = 0.00, Alpha = 0.6788, ETA: 0:00:00
Training MASAC on rware-tiny-2ag-v2: 100%|██████████| 50/50 [01:06<00:00,  1.33s/it]
[2025-11-06 22:31:04] 💾 Final model state saved: checkpoints/masac_rware_final_state.pt
[2025-11-06 22:31:04] Generating rollout GIF...
[2025-11-06 22:31:04] Could not render initial frame for GIF: 
    Error occured while running `from pyglet.gl import *`
    HINT: make sure you have OpenGL install. On Ubuntu, you can run 'apt-get install python-opengl'.
    If you're running on a server, you may need a virtual frame buffer; something like this should work:
    'xvfb-run -s "-screen 0 1400x900x24" python <your_script.py>'
    . Skipping GIF generation.
[2025-11-06 22:31:04] 📊 Saved training curves to logs/training_curves.png
[2025-11-06 22:31:04] ============================================================
[2025-11-06 22:31:04] Training completed! Final average reward (last 100 episodes): 0.000
[2025-11-06 22:31:04] ============================================================
